Copyright 1986-2022 Xilinx, Inc. All Rights Reserved. Copyright 2022-2024 Advanced Micro Devices, Inc. All Rights Reserved.
---------------------------------------------------------------------------------------------------------------------------------------------
| Tool Version : Vivado v.2024.2 (win64) Build 5239630 Fri Nov 08 22:35:27 MST 2024
| Date         : Mon Feb  9 10:36:52 2026
| Host         : Samuel running 64-bit major release  (build 9200)
| Command      : report_control_sets -verbose -file key_injector_cmod_control_sets_placed.rpt
| Design       : key_injector_cmod
| Device       : xc7s25
---------------------------------------------------------------------------------------------------------------------------------------------

Control Set Information

Table of Contents
-----------------
1. Summary
2. Histogram
3. Flip-Flop Distribution
4. Detailed Control Set Information

1. Summary
----------

+----------------------------------------------------------+-------+
|                          Status                          | Count |
+----------------------------------------------------------+-------+
| Total control sets                                       |     9 |
|    Minimum number of control sets                        |     9 |
|    Addition due to synthesis replication                 |     0 |
|    Addition due to physical synthesis replication        |     0 |
| Unused register locations in slices containing registers |    29 |
+----------------------------------------------------------+-------+
* Control sets can be merged at opt_design using control_set_merge or merge_equivalent_drivers
** Run report_qor_suggestions for automated merging and remapping suggestions


2. Histogram
------------

+--------------------+-------+
|       Fanout       | Count |
+--------------------+-------+
| Total control sets |     9 |
| >= 0 to < 4        |     2 |
| >= 4 to < 6        |     3 |
| >= 6 to < 8        |     1 |
| >= 8 to < 10       |     1 |
| >= 10 to < 12      |     0 |
| >= 12 to < 14      |     0 |
| >= 14 to < 16      |     0 |
| >= 16              |     2 |
+--------------------+-------+
* Control sets can be remapped at either synth_design or opt_design


3. Flip-Flop Distribution
-------------------------

+--------------+-----------------------+------------------------+-----------------+--------------+
| Clock Enable | Synchronous Set/Reset | Asynchronous Set/Reset | Total Registers | Total Slices |
+--------------+-----------------------+------------------------+-----------------+--------------+
| No           | No                    | No                     |               7 |            4 |
| No           | No                    | Yes                    |               4 |            2 |
| No           | Yes                   | No                     |               3 |            1 |
| Yes          | No                    | No                     |              27 |            7 |
| Yes          | No                    | Yes                    |               0 |            0 |
| Yes          | Yes                   | No                     |              26 |            7 |
+--------------+-----------------------+------------------------+-----------------+--------------+


4. Detailed Control Set Information
-----------------------------------

+----------------+---------------------------------------+-------------------------------+------------------+----------------+--------------+
|  Clock Signal  |             Enable Signal             |        Set/Reset Signal       | Slice Load Count | Bel Load Count | Bels / Slice |
+----------------+---------------------------------------+-------------------------------+------------------+----------------+--------------+
|  clk_IBUF_BUFG | btn_stable_i_1_n_0                    | rst_IBUF                      |                1 |              1 |         1.00 |
|  clk_IBUF_BUFG |                                       | tx_unit/tick_count[0]_i_1_n_0 |                1 |              3 |         3.00 |
|  clk_IBUF_BUFG |                                       | rst_IBUF                      |                2 |              4 |         2.00 |
|  clk_IBUF_BUFG | tx_unit/s_reg[3]_i_1_n_0              |                               |                2 |              4 |         2.00 |
|  clk_IBUF_BUFG | tx_unit/tx_start_reg                  | byte_cnt[4]_i_1_n_0           |                1 |              5 |         5.00 |
|  clk_IBUF_BUFG |                                       |                               |                4 |              7 |         1.75 |
|  clk_IBUF_BUFG | tx_unit/b_reg[7]_i_1_n_0              |                               |                1 |              8 |         8.00 |
|  clk_IBUF_BUFG | sel                                   | debounce_cnt[0]_i_1_n_0       |                5 |             20 |         4.00 |
|  clk_IBUF_BUFG | tx_unit/FSM_sequential_state_reg[1]_1 |                               |                4 |             24 |         6.00 |
+----------------+---------------------------------------+-------------------------------+------------------+----------------+--------------+


