#-----------------------------------------------------------
# Vivado v2024.2 (64-bit)
# SW Build 5239630 on Fri Nov 08 22:35:27 MST 2024
# IP Build 5239520 on Sun Nov 10 16:12:51 MST 2024
# SharedData Build 5239561 on Fri Nov 08 14:39:27 MST 2024
# Start of session at: Sun Feb  8 23:35:05 2026
# Process ID         : 5588
# Current directory  : C:/Xilinx/Projetos/TF/keyInjector/keyInjector.runs/impl_1
# Command line       : vivado.exe -log key_injector_cmod.vdi -applog -product Vivado -messageDb vivado.pb -mode batch -source key_injector_cmod.tcl -notrace
# Log file           : C:/Xilinx/Projetos/TF/keyInjector/keyInjector.runs/impl_1/key_injector_cmod.vdi
# Journal file       : C:/Xilinx/Projetos/TF/keyInjector/keyInjector.runs/impl_1\vivado.jou
# Running On         : Samuel
# Platform           : Windows Server 2016 or Windows 10
# Operating System   : 26100
# Processor Detail   : Intel(R) Core(TM) i7-8565U CPU @ 1.80GHz
# CPU Frequency      : 1992 MHz
# CPU Physical cores : 4
# CPU Logical cores  : 8
# Host memory        : 8456 MB
# Swap memory        : 18794 MB
# Total Virtual      : 27250 MB
# Available Virtual  : 9472 MB
#-----------------------------------------------------------
source key_injector_cmod.tcl -notrace
